\BOOKMARK [1][-]{section.1}{\376\377\000V\000u\000e\000\040\000d\000'\000e\000n\000s\000e\000m\000b\000l\000e}{}% 1
\BOOKMARK [2][-]{subsection.1.1}{\376\377\000L\000a\000\040\000p\000i\000l\000e\000\040\000t\000e\000c\000h\000n\000i\000q\000u\000e}{section.1}% 2
\BOOKMARK [2][-]{subsection.1.2}{\376\377\000C\000e\000\040\000q\000u\000e\000\040\000c\000o\000n\000t\000i\000e\000n\000t\000\040\000l\000e\000\040\000p\000r\000o\000j\000e\000t}{section.1}% 3
\BOOKMARK [2][-]{subsection.1.3}{\376\377\000L\000'\000a\000r\000c\000h\000i\000t\000e\000c\000t\000u\000r\000e\000\040\000e\000n\000\040\000q\000u\000a\000t\000r\000e\000\040\000c\000o\000u\000c\000h\000e\000s}{section.1}% 4
\BOOKMARK [2][-]{subsection.1.4}{\376\377\000L\000e\000\040\000c\000y\000c\000l\000e\000\040\000d\000e\000\040\000v\000i\000e\000\040\000d\000'\000u\000n\000e\000\040\000r\000e\000q\000u\000\352\000t\000e\000,\000\040\000s\000u\000r\000\040\000u\000n\000\040\000e\000x\000e\000m\000p\000l\000e}{section.1}% 5
\BOOKMARK [2][-]{subsection.1.5}{\376\377\000P\000o\000u\000r\000q\000u\000o\000i\000\040\000l\000e\000s\000\040\000J\000S\000P\000\040\000s\000o\000n\000t\000\040\000s\000o\000u\000s\000\040\000W\000E\000B\000-\000I\000N\000F}{section.1}% 6
\BOOKMARK [1][-]{section.2}{\376\377\000L\000e\000\040\000s\000o\000c\000l\000e\000\040\000t\000r\000a\000n\000s\000v\000e\000r\000s\000e}{}% 7
\BOOKMARK [2][-]{subsection.2.1}{\376\377\000A\000u\000t\000h\000e\000n\000t\000i\000f\000i\000c\000a\000t\000i\000o\000n\000\040\000e\000t\000\040\000r\000\364\000l\000e\000s}{section.2}% 8
\BOOKMARK [2][-]{subsection.2.2}{\376\377\000L\000e\000\040\000f\000i\000l\000t\000r\000e\000\040\000d\000e\000\040\000n\000o\000t\000i\000f\000i\000c\000a\000t\000i\000o\000n\000s}{section.2}% 9
\BOOKMARK [2][-]{subsection.2.3}{\376\377\000L\000e\000\040\000j\000o\000u\000r\000n\000a\000l\000\040\000d\000'\000a\000u\000d\000i\000t}{section.2}% 10
\BOOKMARK [2][-]{subsection.2.4}{\376\377\000L\000e\000s\000\040\000n\000o\000t\000i\000f\000i\000c\000a\000t\000i\000o\000n\000s}{section.2}% 11
\BOOKMARK [2][-]{subsection.2.5}{\376\377\000L\000e\000\040\000g\000a\000b\000a\000r\000i\000t\000\040\000d\000e\000\040\000p\000a\000g\000e}{section.2}% 12
\BOOKMARK [2][-]{subsection.2.6}{\376\377\000L\000e\000s\000\040\000s\000e\000i\000z\000e\000\040\000e\000n\000t\000i\000t\000\351\000s\000\040\000e\000t\000\040\000l\000e\000u\000r\000s\000\040\000t\000a\000b\000l\000e\000s}{section.2}% 13
\BOOKMARK [1][-]{section.3}{\376\377\000L\000e\000s\000\040\000f\000o\000n\000c\000t\000i\000o\000n\000n\000a\000l\000i\000t\000\351\000s\000,\000\040\000u\000n\000e\000\040\000p\000a\000r\000\040\000u\000n\000e}{}% 14
\BOOKMARK [2][-]{subsection.3.1}{\376\377\000A\000u\000t\000h\000e\000n\000t\000i\000f\000i\000c\000a\000t\000i\000o\000n}{section.3}% 15
\BOOKMARK [2][-]{subsection.3.2}{\376\377\000T\000a\000b\000l\000e\000a\000u\000\040\000d\000e\000\040\000b\000o\000r\000d}{section.3}% 16
\BOOKMARK [2][-]{subsection.3.3}{\376\377\000A\000n\000n\000u\000a\000i\000r\000e\000\040\000d\000e\000s\000\040\000e\000m\000p\000l\000o\000y\000\351\000s}{section.3}% 17
\BOOKMARK [2][-]{subsection.3.4}{\376\377\000P\000o\000r\000t\000e\000f\000e\000u\000i\000l\000l\000e\000\040\000c\000l\000i\000e\000n\000t\000s}{section.3}% 18
\BOOKMARK [2][-]{subsection.3.5}{\376\377\000R\000\351\000f\000\351\000r\000e\000n\000t\000i\000e\000l\000\040\000d\000e\000s\000\040\000a\000g\000e\000n\000c\000e\000s}{section.3}% 19
\BOOKMARK [2][-]{subsection.3.6}{\376\377\000O\000b\000j\000e\000c\000t\000i\000f\000s\000\040\000c\000o\000m\000m\000e\000r\000c\000i\000a\000u\000x}{section.3}% 20
\BOOKMARK [2][-]{subsection.3.7}{\376\377\000P\000o\000i\000n\000t\000a\000g\000e\000\040\000d\000e\000\040\000l\000a\000\040\000p\000r\000\351\000s\000e\000n\000c\000e}{section.3}% 21
\BOOKMARK [2][-]{subsection.3.8}{\376\377\000D\000e\000m\000a\000n\000d\000e\000s\000\040\000d\000e\000\040\000c\000r\000\351\000a\000t\000i\000o\000n}{section.3}% 22
\BOOKMARK [2][-]{subsection.3.9}{\376\377\000D\000e\000m\000a\000n\000d\000e\000s\000\040\000d\000e\000\040\000m\000o\000d\000i\000f\000i\000c\000a\000t\000i\000o\000n\000\040\040\024\000\040\000l\000a\000\040\000d\000o\000u\000b\000l\000e\000\040\000v\000a\000l\000i\000d\000a\000t\000i\000o\000n}{section.3}% 23
\BOOKMARK [2][-]{subsection.3.10}{\376\377\000A\000j\000o\000u\000t\000\040\000d\000'\000u\000n\000\040\000e\000m\000p\000l\000o\000y\000\351}{section.3}% 24
\BOOKMARK [1][-]{section.4}{\376\377\000L\000e\000\040\000f\000r\000o\000n\000t\000\040\000e\000n\000\040\000d\000\351\000t\000a\000i\000l}{}% 25
\BOOKMARK [2][-]{subsection.4.1}{\376\377\000R\000i\000e\000n\000\040\000d\000e\000\040\000c\000o\000n\000s\000t\000r\000u\000i\000t\000,\000\040\000t\000o\000u\000t\000\040\000d\000'\000\351\000c\000r\000i\000t}{section.4}% 26
\BOOKMARK [2][-]{subsection.4.2}{\376\377\000L\000a\000\040\000f\000e\000u\000i\000l\000l\000e\000\040\000d\000e\000\040\000s\000t\000y\000l\000e}{section.4}% 27
\BOOKMARK [2][-]{subsection.4.3}{\376\377\000J\000S\000T\000L\000\040\000e\000t\000\040\000l\000e\000\040\000l\000a\000n\000g\000a\000g\000e\000\040\000d\000'\000e\000x\000p\000r\000e\000s\000s\000i\000o\000n}{section.4}% 28
\BOOKMARK [2][-]{subsection.4.4}{\376\377\000L\000e\000s\000\040\000t\000r\000o\000i\000s\000\040\000g\000r\000a\000p\000h\000i\000q\000u\000e\000s\000\040\000d\000u\000\040\000t\000a\000b\000l\000e\000a\000u\000\040\000d\000e\000\040\000b\000o\000r\000d}{section.4}% 29
\BOOKMARK [1][-]{section.5}{\376\377\000L\000e\000\040\000b\000a\000c\000k\000\040\000e\000n\000\040\000d\000\351\000t\000a\000i\000l}{}% 30
\BOOKMARK [2][-]{subsection.5.1}{\376\377\000L\000e\000\040\000m\000o\000t\000i\000f\000\040\000c\000o\000m\000m\000u\000n\000\040\000\340\000\040\000t\000o\000u\000s\000\040\000l\000e\000s\000\040\000s\000e\000r\000v\000l\000e\000t\000s}{section.5}% 31
\BOOKMARK [2][-]{subsection.5.2}{\376\377\000L\000e\000s\000\040\000E\000J\000B}{section.5}% 32
\BOOKMARK [2][-]{subsection.5.3}{\376\377\000J\000P\000A\000\040\000e\000t\000\040\000l\000e\000s\000\040\000t\000r\000a\000n\000s\000a\000c\000t\000i\000o\000n\000s}{section.5}% 33
\BOOKMARK [2][-]{subsection.5.4}{\376\377\000L\000'\000u\000n\000i\000t\000\351\000\040\000d\000e\000\040\000p\000e\000r\000s\000i\000s\000t\000a\000n\000c\000e}{section.5}% 34
\BOOKMARK [1][-]{section.6}{\376\377\000L\000e\000\040\000v\000o\000l\000e\000t\000\040\000d\000\351\000c\000i\000s\000i\000o\000n\000n\000e\000l}{}% 35
\BOOKMARK [2][-]{subsection.6.1}{\376\377\000L\000e\000s\000\040\000v\000u\000e\000s\000\040\000d\000\351\000c\000i\000s\000i\000o\000n\000n\000e\000l\000l\000e\000s}{section.6}% 36
\BOOKMARK [2][-]{subsection.6.2}{\376\377\000L\000e\000\040\000s\000c\000h\000\351\000m\000a\000\040\000B\000T\000K\000\137\000B\000I}{section.6}% 37
\BOOKMARK [2][-]{subsection.6.3}{\376\377\000L\000a\000\040\000c\000h\000a\000\356\000n\000e\000\040\000E\000T\000L}{section.6}% 38
\BOOKMARK [2][-]{subsection.6.4}{\376\377\000P\000o\000w\000e\000r\000\040\000B\000I\000\040\040\024\000\040\000l\000a\000\040\000c\000o\000n\000s\000t\000r\000u\000c\000t\000i\000o\000n\000\040\000d\000u\000\040\000r\000a\000p\000p\000o\000r\000t}{section.6}% 39
\BOOKMARK [3][-]{subsubsection.6.4.1}{\376\377\000C\000o\000n\000n\000e\000x\000i\000o\000n}{subsection.6.4}% 40
\BOOKMARK [3][-]{subsubsection.6.4.2}{\376\377\000T\000h\000\350\000m\000e\000\040\000e\000t\000\040\000g\000a\000b\000a\000r\000i\000t}{subsection.6.4}% 41
\BOOKMARK [3][-]{subsubsection.6.4.3}{\376\377\000L\000e\000s\000\040\000q\000u\000a\000t\000r\000e\000\040\000p\000a\000g\000e\000s}{subsection.6.4}% 42
\BOOKMARK [3][-]{subsubsection.6.4.4}{\376\377\000L\000e\000s\000\040\000m\000e\000s\000u\000r\000e\000s\000\040\000D\000A\000X}{subsection.6.4}% 43
\BOOKMARK [2][-]{subsection.6.5}{\376\377\000L\000a\000\040\000s\000e\000g\000m\000e\000n\000t\000a\000t\000i\000o\000n\000\040\000d\000e\000s\000\040\000a\000g\000e\000n\000c\000e\000s}{section.6}% 44
\BOOKMARK [1][-]{section.7}{\376\377\000C\000o\000n\000s\000t\000r\000u\000c\000t\000i\000o\000n\000\040\000e\000t\000\040\000d\000\351\000p\000l\000o\000i\000e\000m\000e\000n\000t}{}% 45
\BOOKMARK [2][-]{subsection.7.1}{\376\377\000D\000e\000\040\000l\000a\000\040\000s\000o\000u\000r\000c\000e\000\040\000a\000u\000\040\000W\000A\000R}{section.7}% 46
\BOOKMARK [2][-]{subsection.7.2}{\376\377\000C\000e\000\040\000q\000u\000e\000\040\000c\000o\000n\000t\000i\000e\000n\000t\000\040\000l\000e\000\040\000W\000A\000R}{section.7}% 47
\BOOKMARK [2][-]{subsection.7.3}{\376\377\000D\000\351\000p\000l\000o\000y\000e\000r\000\040\000s\000u\000r\000\040\000W\000i\000l\000d\000F\000l\000y}{section.7}% 48
\BOOKMARK [2][-]{subsection.7.4}{\376\377\000L\000a\000\040\000d\000a\000t\000a\000s\000o\000u\000r\000c\000e}{section.7}% 49
\BOOKMARK [2][-]{subsection.7.5}{\376\377\000D\000i\000a\000g\000n\000o\000s\000t\000i\000q\000u\000e\000r\000\040\000u\000n\000e\000\040\000e\000r\000r\000e\000u\000r\000\040\000d\000e\000\040\000c\000o\000n\000n\000e\000x\000i\000o\000n}{section.7}% 50
\BOOKMARK [2][-]{subsection.7.6}{\376\377\000L\000'\000o\000r\000d\000r\000e\000\040\000d\000e\000\040\000d\000\351\000m\000a\000r\000r\000a\000g\000e\000,\000\040\000a\000v\000a\000n\000t\000\040\000l\000a\000\040\000s\000o\000u\000t\000e\000n\000a\000n\000c\000e}{section.7}% 51
\BOOKMARK [1][-]{section.8}{\376\377\000L\000e\000s\000\040\000q\000u\000e\000s\000t\000i\000o\000n\000s\000\040\000p\000r\000o\000b\000a\000b\000l\000e\000s\000,\000\040\000e\000t\000\040\000q\000u\000o\000i\000\040\000r\000\351\000p\000o\000n\000d\000r\000e}{}% 52
\BOOKMARK [2][-]{subsection.8.1}{\376\377\000A\000r\000c\000h\000i\000t\000e\000c\000t\000u\000r\000e}{section.8}% 53
\BOOKMARK [2][-]{subsection.8.2}{\376\377\000S\000\351\000c\000u\000r\000i\000t\000\351}{section.8}% 54
\BOOKMARK [2][-]{subsection.8.3}{\376\377\000J\000P\000A\000\040\000e\000t\000\040\000t\000r\000a\000n\000s\000a\000c\000t\000i\000o\000n\000s}{section.8}% 55
\BOOKMARK [2][-]{subsection.8.4}{\376\377\000F\000r\000o\000n\000t}{section.8}% 56
\BOOKMARK [2][-]{subsection.8.5}{\376\377\000D\000\351\000c\000i\000s\000i\000o\000n\000n\000e\000l}{section.8}% 57
\BOOKMARK [1][-]{section.9}{\376\377\000P\000o\000i\000n\000t\000s\000\040\000o\000u\000v\000e\000r\000t\000s\000\040\000e\000t\000\040\000l\000i\000m\000i\000t\000e\000s}{}% 58
\BOOKMARK [1][-]{section.10}{\376\377\000R\000\351\000c\000a\000p\000i\000t\000u\000l\000a\000t\000i\000f\000\040\000:\000\040\000l\000a\000\040\000c\000a\000r\000t\000e\000\040\000d\000e\000s\000\040\000U\000R\000L}{}% 59
