\BOOKMARK [1][-]{section.1}{\376\377\000A\000r\000c\000h\000i\000t\000e\000c\000t\000u\000r\000e}{}% 1
\BOOKMARK [2][-]{subsection.1.1}{\376\377\000Q\0001\000\040\040\024\000\040\000E\000s\000t\000-\000c\000e\000\040\000q\000u\000e\000\040\000c\000'\000e\000s\000t\000\040\000d\000u\000\040\000M\000V\000C\000\040\000?}{section.1}% 2
\BOOKMARK [2][-]{subsection.1.2}{\376\377\000Q\0002\000\040\040\024\000\040\000P\000o\000u\000r\000q\000u\000o\000i\000\040\000p\000a\000s\000\040\000u\000n\000\040\000M\000V\000C\000\040\000p\000u\000r\000,\000\040\000a\000l\000o\000r\000s\000\040\000?}{section.1}% 3
\BOOKMARK [2][-]{subsection.1.3}{\376\377\000Q\0003\000\040\040\024\000\040\000D\000i\000f\000f\000\351\000r\000e\000n\000c\000e\000\040\000e\000n\000t\000r\000e\000\040\000m\000\351\000t\000h\000o\000d\000e\000\040\000e\000t\000\040\000m\000\351\000t\000h\000o\000d\000o\000l\000o\000g\000i\000e\000\040\000?}{section.1}% 4
\BOOKMARK [2][-]{subsection.1.4}{\376\377\000Q\0004\000\040\040\024\000\040\000P\000o\000u\000r\000q\000u\000o\000i\000\040\000C\000R\000I\000S\000P\000-\000D\000M\000\040\000e\000t\000\040\000p\000a\000s\000\040\000S\000c\000r\000u\000m\000\040\000?}{section.1}% 5
\BOOKMARK [2][-]{subsection.1.5}{\376\377\000Q\0009\000\040\040\024\000\040\000P\000o\000u\000r\000q\000u\000o\000i\000\040\000J\000a\000k\000a\000r\000t\000a\000\040\000E\000E\000\040\000e\000t\000\040\000p\000a\000s\000\040\000S\000p\000r\000i\000n\000g\000\040\000B\000o\000o\000t\000,\000\040\000p\000l\000u\000s\000\040\000r\000\351\000p\000a\000n\000d\000u\000\040\000?}{section.1}% 6
\BOOKMARK [2][-]{subsection.1.6}{\376\377\000Q\0001\0000\000\040\040\024\000\040\000Q\000u\000e\000\040\000v\000o\000u\000l\000e\000z\000-\000v\000o\000u\000s\000\040\000d\000i\000r\000e\000\040\000p\000a\000r\000\040\000"\000w\000o\000r\000k\000f\000l\000o\000w\000s\000\040\000d\000e\000\040\000v\000a\000l\000i\000d\000a\000t\000i\000o\000n\000"\000\040\000?}{section.1}% 7
\BOOKMARK [1][-]{section.2}{\376\377\000S\000e\000g\000m\000e\000n\000t\000a\000t\000i\000o\000n\000\040\000e\000t\000\040\000i\000n\000t\000e\000l\000l\000i\000g\000e\000n\000c\000e\000\040\000a\000r\000t\000i\000f\000i\000c\000i\000e\000l\000l\000e}{}% 8
\BOOKMARK [2][-]{subsection.2.1}{\376\377\000Q\0005\000\040\040\024\000\040\000P\000o\000u\000r\000q\000u\000o\000i\000\040\000K\000-\000M\000e\000a\000n\000s\000\040\000e\000t\000\040\000p\000a\000s\000\040\000u\000n\000\040\000a\000u\000t\000r\000e\000\040\000a\000l\000g\000o\000r\000i\000t\000h\000m\000e\000\040\000?}{section.2}% 9
\BOOKMARK [2][-]{subsection.2.2}{\376\377\000Q\0006\000\040\040\024\000\040\000P\000o\000u\000r\000q\000u\000o\000i\000\040\000k\000\040\000=\000\040\0003\000\040\000?}{section.2}% 10
\BOOKMARK [2][-]{subsection.2.3}{\376\377\000Q\0007\000\040\040\024\000\040\000P\000o\000u\000r\000q\000u\000o\000i\000\040\000s\000t\000a\000n\000d\000a\000r\000d\000i\000s\000e\000r\000\040\000l\000e\000s\000\040\000d\000o\000n\000n\000\351\000e\000s\000\040\000a\000v\000a\000n\000t\000\040\000K\000-\000M\000e\000a\000n\000s\000\040\000?}{section.2}% 11
\BOOKMARK [2][-]{subsection.2.4}{\376\377\000Q\0008\000\040\040\024\000\040\000C\000'\000e\000s\000t\000\040\000q\000u\000o\000i\000\040\000l\000e\000\040\000s\000c\000o\000r\000e\000\040\000d\000e\000\040\000s\000i\000l\000h\000o\000u\000e\000t\000t\000e\000\040\000?}{section.2}% 12
\BOOKMARK [2][-]{subsection.2.5}{\376\377\000Q\0001\0006\000\040\040\024\000\040\000C\000o\000m\000m\000e\000n\000t\000\040\000a\000v\000e\000z\000-\000v\000o\000u\000s\000\040\000r\000\351\000a\000l\000i\000s\000\351\000\040\000l\000a\000\040\000s\000e\000g\000m\000e\000n\000t\000a\000t\000i\000o\000n\000\040\000?}{section.2}% 13
\BOOKMARK [2][-]{subsection.2.6}{\376\377\000Q\0001\0007\000\040\040\024\000\040\000P\000o\000u\000r\000q\000u\000o\000i\000\040\000a\000v\000o\000i\000r\000\040\000s\000t\000a\000n\000d\000a\000r\000d\000i\000s\000\351\000\040\000l\000e\000s\000\040\000d\000o\000n\000n\000\351\000e\000s\000\040\000?}{section.2}% 14
\BOOKMARK [2][-]{subsection.2.7}{\376\377\000Q\0001\0008\000\040\040\024\000\040\000P\000o\000u\000r\000q\000u\000o\000i\000\040\000a\000v\000o\000i\000r\000\040\000c\000h\000o\000i\000s\000i\000\040\000K\000-\000M\000e\000a\000n\000s\000\040\000?}{section.2}% 15
\BOOKMARK [2][-]{subsection.2.8}{\376\377\000Q\0001\0009\000\040\040\024\000\040\000Q\000u\000e\000l\000s\000\040\000m\000o\000d\000\350\000l\000e\000s\000\040\000a\000v\000e\000z\000-\000v\000o\000u\000s\000\040\000c\000o\000m\000p\000a\000r\000\351\000s\000\040\000?}{section.2}% 16
\BOOKMARK [1][-]{section.3}{\376\377\000D\000\351\000c\000i\000s\000i\000o\000n\000n\000e\000l\000,\000\040\000K\000P\000I\000\040\000e\000t\000\040\000P\000o\000w\000e\000r\000\040\000B\000I}{}% 17
\BOOKMARK [2][-]{subsection.3.1}{\376\377\000Q\0001\0001\000\040\040\024\000\040\000P\000o\000u\000r\000q\000u\000o\000i\000\040\000c\000e\000s\000\040\000K\000P\000I\000,\000\040\000e\000t\000\040\000s\000o\000u\000s\000\040\000q\000u\000e\000l\000s\000\040\000c\000r\000i\000t\000\350\000r\000e\000s\000\040\000?}{section.3}% 18
\BOOKMARK [2][-]{subsection.3.2}{\376\377\000Q\0001\0005\000\040\040\024\000\040\000Q\000u\000e\000l\000s\000\040\000s\000o\000n\000t\000\040\000v\000o\000s\000\040\000K\000P\000I\000\040\000?}{section.3}% 19
\BOOKMARK [2][-]{subsection.3.3}{\376\377\000Q\0001\0002\000\040\040\024\000\040\000C\000o\000m\000m\000e\000n\000t\000\040\000f\000o\000n\000c\000t\000i\000o\000n\000n\000e\000\040\000v\000o\000t\000r\000e\000\040\000c\000h\000a\000\356\000n\000e\000\040\000E\000T\000L\000\040\000?}{section.3}% 20
\BOOKMARK [2][-]{subsection.3.4}{\376\377\000Q\0001\0003\000\040\040\024\000\040\000C\000'\000e\000s\000t\000\040\000q\000u\000o\000i\000\040\000u\000n\000e\000\040\000m\000e\000s\000u\000r\000e\000\040\000D\000A\000X\000\040\000?}{section.3}% 21
\BOOKMARK [2][-]{subsection.3.5}{\376\377\000Q\0001\0004\000\040\040\024\000\040\000D\000o\000n\000n\000e\000z\000-\000m\000o\000i\000\040\000u\000n\000\040\000e\000x\000e\000m\000p\000l\000e\000\040\000d\000e\000\040\000m\000e\000s\000u\000r\000e\000.}{section.3}% 22
\BOOKMARK [1][-]{section.4}{\376\377\000L\000e\000s\000\040\000t\000e\000s\000t\000s\000\040\000r\000\351\000a\000l\000i\000s\000\351\000s}{}% 23
