\BOOKMARK [1][-]{section.1}{\376\377\000C\000o\000n\000t\000e\000x\000t\000e\000\040\000e\000t\000\040\000c\000a\000d\000r\000a\000g\000e}{}% 1
\BOOKMARK [2][-]{subsection.1.1}{\376\377\000P\000o\000u\000r\000q\000u\000o\000i\000\040\000c\000e\000\040\000p\000r\000o\000j\000e\000t\000\040\000?\000\040\000Q\000u\000e\000l\000\040\000p\000r\000o\000b\000l\000\350\000m\000e\000\040\000r\000\351\000s\000o\000u\000t\000-\000i\000l\000\040\000?}{section.1}% 2
\BOOKMARK [2][-]{subsection.1.2}{\376\377\000P\000o\000u\000r\000q\000u\000o\000i\000\040\000u\000n\000\040\000d\000\351\000v\000e\000l\000o\000p\000p\000e\000m\000e\000n\000t\000\040\000s\000u\000r\000\040\000m\000e\000s\000u\000r\000e\000\040\000p\000l\000u\000t\000\364\000t\000\040\000q\000u\000'\000u\000n\000\040\000p\000r\000o\000g\000i\000c\000i\000e\000l\000\040\000?}{section.1}% 3
\BOOKMARK [2][-]{subsection.1.3}{\376\377\000Q\000u\000e\000l\000\040\000a\000\040\000\351\000t\000\351\000\040\000v\000o\000t\000r\000e\000\040\000p\000\351\000r\000i\000m\000\350\000t\000r\000e\000\040\000e\000x\000a\000c\000t\000,\000\040\000e\000t\000\040\000c\000e\000\040\000q\000u\000e\000\040\000v\000o\000u\000s\000\040\000n\000'\000a\000v\000e\000z\000\040\000p\000a\000s\000\040\000t\000r\000a\000i\000t\000\351\000\040\000?}{section.1}% 4
\BOOKMARK [2][-]{subsection.1.4}{\376\377\000C\000o\000m\000b\000i\000e\000n\000\040\000d\000e\000\040\000t\000e\000m\000p\000s\000\040\000a\000\040\000d\000u\000r\000\351\000\040\000l\000e\000\040\000s\000t\000a\000g\000e\000\040\000?}{section.1}% 5
\BOOKMARK [1][-]{section.2}{\376\377\000M\000\351\000t\000h\000o\000d\000o\000l\000o\000g\000i\000e}{}% 6
\BOOKMARK [2][-]{subsection.2.1}{\376\377\000P\000o\000u\000r\000q\000u\000o\000i\000\040\000C\000R\000I\000S\000P\000-\000D\000M\000\040\000e\000t\000\040\000p\000a\000s\000\040\000S\000c\000r\000u\000m\000\040\000?}{section.2}% 7
\BOOKMARK [2][-]{subsection.2.2}{\376\377\000C\000R\000I\000S\000P\000-\000D\000M\000\040\000c\000o\000u\000v\000r\000e\000-\000t\000-\000i\000l\000\040\000l\000e\000\040\000d\000\351\000v\000e\000l\000o\000p\000p\000e\000m\000e\000n\000t\000\040\000d\000e\000\040\000l\000'\000a\000p\000p\000l\000i\000c\000a\000t\000i\000o\000n\000\040\000?}{section.2}% 8
\BOOKMARK [2][-]{subsection.2.3}{\376\377\000D\000i\000f\000f\000\351\000r\000e\000n\000c\000e\000\040\000e\000n\000t\000r\000e\000\040\000m\000\351\000t\000h\000o\000d\000e\000\040\000e\000t\000\040\000m\000\351\000t\000h\000o\000d\000o\000l\000o\000g\000i\000e\000\040\000?}{section.2}% 9
\BOOKMARK [1][-]{section.3}{\376\377\000C\000o\000n\000c\000e\000p\000t\000i\000o\000n\000\040\000e\000t\000\040\000U\000M\000L}{}% 10
\BOOKMARK [2][-]{subsection.3.1}{\376\377\000C\000o\000m\000b\000i\000e\000n\000\040\000d\000'\000a\000c\000t\000e\000u\000r\000s\000,\000\040\000e\000t\000\040\000p\000o\000u\000r\000q\000u\000o\000i\000\040\000c\000e\000u\000x\000-\000l\000\340\000\040\000?}{section.3}% 11
\BOOKMARK [2][-]{subsection.3.2}{\376\377\000P\000o\000u\000r\000q\000u\000o\000i\000\040\000l\000'\000a\000d\000m\000i\000n\000i\000s\000t\000r\000a\000t\000e\000u\000r\000\040\000e\000s\000t\000-\000i\000l\000\040\000r\000e\000l\000i\000\351\000\040\000a\000u\000x\000\040\000t\000r\000e\000i\000z\000e\000\040\000c\000a\000s\000\040\000d\000'\000u\000t\000i\000l\000i\000s\000a\000t\000i\000o\000n\000\040\000?}{section.3}% 12
\BOOKMARK [2][-]{subsection.3.3}{\376\377\000P\000o\000u\000r\000q\000u\000o\000i\000\040\000l\000a\000\040\000r\000e\000l\000a\000t\000i\000o\000n\000\040\000"\000i\000n\000c\000l\000u\000d\000e\000"\000\040\000v\000e\000r\000s\000\040\000"\000S\000'\000a\000u\000t\000h\000e\000n\000t\000i\000f\000i\000e\000r\000"\000\040\000?}{section.3}% 13
\BOOKMARK [2][-]{subsection.3.4}{\376\377\000D\000i\000f\000f\000\351\000r\000e\000n\000c\000e\000\040\000e\000n\000t\000r\000e\000\040\000i\000n\000c\000l\000u\000d\000e\000\040\000e\000t\000\040\000e\000x\000t\000e\000n\000d\000\040\000?}{section.3}% 14
\BOOKMARK [2][-]{subsection.3.5}{\376\377\000P\000o\000u\000r\000q\000u\000o\000i\000\040\000u\000n\000e\000\040\000a\000s\000s\000o\000c\000i\000a\000t\000i\000o\000n\000\040\000a\000c\000t\000e\000u\000r\040\023\000c\000a\000s\000\040\000n\000e\000\040\000p\000o\000r\000t\000e\000-\000t\000-\000e\000l\000l\000e\000\040\000p\000a\000s\000\040\000d\000e\000\040\000f\000l\000\350\000c\000h\000e\000\040\000?}{section.3}% 15
\BOOKMARK [2][-]{subsection.3.6}{\376\377\000L\000e\000\040\000d\000i\000r\000e\000c\000t\000e\000u\000r\000\040\000c\000o\000m\000m\000e\000r\000c\000i\000a\000l\000\040\000p\000e\000u\000t\000-\000i\000l\000\040\000g\000\351\000r\000e\000r\000\040\000l\000e\000s\000\040\000a\000g\000e\000n\000c\000e\000s\000\040\000?}{section.3}% 16
\BOOKMARK [1][-]{section.4}{\376\377\000A\000r\000c\000h\000i\000t\000e\000c\000t\000u\000r\000e\000\040\000a\000p\000p\000l\000i\000c\000a\000t\000i\000v\000e}{}% 17
\BOOKMARK [2][-]{subsection.4.1}{\376\377\000D\000\351\000c\000r\000i\000v\000e\000z\000\040\000v\000o\000t\000r\000e\000\040\000a\000r\000c\000h\000i\000t\000e\000c\000t\000u\000r\000e\000.}{section.4}% 18
\BOOKMARK [2][-]{subsection.4.2}{\376\377\000Q\000u\000'\000e\000s\000t\000-\000c\000e\000\040\000q\000u\000i\000\040\000g\000a\000r\000a\000n\000t\000i\000t\000\040\000q\000u\000e\000\040\000l\000e\000s\000\040\000c\000o\000u\000c\000h\000e\000s\000\040\000n\000e\000\040\000s\000e\000\040\000m\000\351\000l\000a\000n\000g\000e\000n\000t\000\040\000p\000a\000s\000\040\000?}{section.4}% 19
\BOOKMARK [2][-]{subsection.4.3}{\376\377\000E\000s\000t\000-\000c\000e\000\040\000d\000u\000\040\000M\000V\000C\000\040\000?}{section.4}% 20
\BOOKMARK [2][-]{subsection.4.4}{\376\377\000Q\000u\000e\000\040\000s\000e\000\040\000p\000a\000s\000s\000e\000-\000t\000-\000i\000l\000\040\000q\000u\000a\000n\000d\000\040\000j\000e\000\040\000c\000l\000i\000q\000u\000e\000\040\000s\000u\000r\000\040\000"\000A\000g\000e\000n\000c\000e\000s\000"\000\040\000?}{section.4}% 21
\BOOKMARK [2][-]{subsection.4.5}{\376\377\000P\000o\000u\000r\000q\000u\000o\000i\000\040\000l\000e\000s\000\040\000p\000a\000g\000e\000s\000\040\000s\000o\000n\000t\000-\000e\000l\000l\000e\000s\000\040\000d\000a\000n\000s\000\040\000u\000n\000\040\000d\000o\000s\000s\000i\000e\000r\000\040\000p\000r\000o\000t\000\351\000g\000\351\000\040\000?}{section.4}% 22
\BOOKMARK [1][-]{section.5}{\376\377\000B\000a\000s\000e\000\040\000d\000e\000\040\000d\000o\000n\000n\000\351\000e\000s\000\040\000e\000t\000\040\000p\000e\000r\000s\000i\000s\000t\000a\000n\000c\000e}{}% 23
\BOOKMARK [2][-]{subsection.5.1}{\376\377\000C\000o\000m\000b\000i\000e\000n\000\040\000d\000e\000\040\000t\000a\000b\000l\000e\000s\000,\000\040\000e\000t\000\040\000l\000e\000s\000q\000u\000e\000l\000l\000e\000s\000\040\000?}{section.5}% 24
\BOOKMARK [2][-]{subsection.5.2}{\376\377\000Q\000u\000i\000\040\000g\000\350\000r\000e\000\040\000l\000e\000s\000\040\000t\000r\000a\000n\000s\000a\000c\000t\000i\000o\000n\000s\000\040\000?}{section.5}% 25
\BOOKMARK [2][-]{subsection.5.3}{\376\377\000C\000o\000m\000m\000e\000n\000t\000\040\000\351\000v\000i\000t\000e\000z\000-\000v\000o\000u\000s\000\040\000l\000'\000i\000n\000j\000e\000c\000t\000i\000o\000n\000\040\000S\000Q\000L\000\040\000?}{section.5}% 26
\BOOKMARK [2][-]{subsection.5.4}{\376\377\000H\000i\000b\000e\000r\000n\000a\000t\000e\000\040\000c\000r\000\351\000e\000-\000t\000-\000i\000l\000\040\000v\000o\000s\000\040\000t\000a\000b\000l\000e\000s\000\040\000?}{section.5}% 27
\BOOKMARK [2][-]{subsection.5.5}{\376\377\000P\000o\000u\000r\000q\000u\000o\000i\000\040\000u\000n\000e\000\040\000t\000a\000b\000l\000e\000\040\000d\000e\000\040\000s\000\351\000c\000u\000r\000i\000t\000\351\000\040\000s\000\351\000p\000a\000r\000\351\000e\000\040\000d\000e\000s\000\040\000e\000m\000p\000l\000o\000y\000\351\000s\000\040\000?}{section.5}% 28
\BOOKMARK [1][-]{section.6}{\376\377\000S\000\351\000c\000u\000r\000i\000t\000\351}{}% 29
\BOOKMARK [2][-]{subsection.6.1}{\376\377\000C\000o\000m\000m\000e\000n\000t\000\040\000g\000\351\000r\000e\000z\000-\000v\000o\000u\000s\000\040\000l\000e\000s\000\040\000d\000r\000o\000i\000t\000s\000\040\000?}{section.6}% 30
\BOOKMARK [2][-]{subsection.6.2}{\376\377\000E\000t\000\040\000s\000i\000\040\000q\000u\000e\000l\000q\000u\000'\000u\000n\000\040\000c\000o\000n\000t\000o\000u\000r\000n\000e\000\040\000l\000e\000\040\000m\000e\000n\000u\000\040\000e\000t\000\040\000t\000a\000p\000e\000\040\000l\000'\000a\000d\000r\000e\000s\000s\000e\000\040\000d\000i\000r\000e\000c\000t\000e\000m\000e\000n\000t\000\040\000?}{section.6}% 31
\BOOKMARK [2][-]{subsection.6.3}{\376\377\000V\000o\000s\000\040\000m\000o\000t\000s\000\040\000d\000e\000\040\000p\000a\000s\000s\000e\000\040\000s\000o\000n\000t\000-\000i\000l\000s\000\040\000p\000r\000o\000t\000\351\000g\000\351\000s\000\040\000?}{section.6}% 32
\BOOKMARK [2][-]{subsection.6.4}{\376\377\000Y\000\040\000a\000-\000t\000-\000i\000l\000\040\000u\000n\000e\000\040\000t\000r\000a\000\347\000a\000b\000i\000l\000i\000t\000\351\000\040\000d\000e\000s\000\040\000a\000c\000t\000i\000o\000n\000s\000\040\000?}{section.6}% 33
\BOOKMARK [2][-]{subsection.6.5}{\376\377\000T\000o\000u\000t\000e\000s\000\040\000l\000e\000s\000\040\000p\000a\000g\000e\000s\000\040\000s\000o\000n\000t\000-\000e\000l\000l\000e\000s\000\040\000p\000r\000o\000t\000\351\000g\000\351\000e\000s\000\040\000d\000e\000\040\000l\000a\000\040\000m\000\352\000m\000e\000\040\000f\000a\000\347\000o\000n\000\040\000?}{section.6}% 34
\BOOKMARK [1][-]{section.7}{\376\377\000L\000e\000\040\000f\000r\000o\000n\000t}{}% 35
\BOOKMARK [2][-]{subsection.7.1}{\376\377\000Q\000u\000e\000l\000l\000e\000s\000\040\000t\000e\000c\000h\000n\000o\000l\000o\000g\000i\000e\000s\000\040\000p\000o\000u\000r\000\040\000l\000'\000i\000n\000t\000e\000r\000f\000a\000c\000e\000\040\000?}{section.7}% 36
\BOOKMARK [2][-]{subsection.7.2}{\376\377\000P\000o\000u\000r\000q\000u\000o\000i\000\040\000p\000a\000s\000\040\000R\000e\000a\000c\000t\000\040\000o\000u\000\040\000A\000n\000g\000u\000l\000a\000r\000\040\000?}{section.7}% 37
\BOOKMARK [2][-]{subsection.7.3}{\376\377\000C\000o\000m\000m\000e\000n\000t\000\040\000l\000e\000s\000\040\000g\000r\000a\000p\000h\000i\000q\000u\000e\000s\000\040\000r\000e\000\347\000o\000i\000v\000e\000n\000t\000-\000i\000l\000s\000\040\000l\000e\000s\000\040\000d\000o\000n\000n\000\351\000e\000s\000\040\000?}{section.7}% 38
\BOOKMARK [2][-]{subsection.7.4}{\376\377\000V\000o\000t\000r\000e\000\040\000i\000n\000t\000e\000r\000f\000a\000c\000e\000\040\000e\000s\000t\000-\000e\000l\000l\000e\000\040\000r\000e\000s\000p\000o\000n\000s\000i\000v\000e\000\040\000?}{section.7}% 39
\BOOKMARK [1][-]{section.8}{\376\377\000L\000e\000s\000\040\000f\000o\000n\000c\000t\000i\000o\000n\000n\000a\000l\000i\000t\000\351\000s}{}% 40
\BOOKMARK [2][-]{subsection.8.1}{\376\377\000C\000o\000m\000m\000e\000n\000t\000\040\000f\000o\000n\000c\000t\000i\000o\000n\000n\000e\000\040\000l\000e\000\040\000p\000o\000i\000n\000t\000a\000g\000e\000\040\000?}{section.8}% 41
\BOOKMARK [2][-]{subsection.8.2}{\376\377\000Q\000u\000e\000\040\000s\000e\000\040\000p\000a\000s\000s\000e\000-\000t\000-\000i\000l\000\040\000s\000i\000\040\000o\000n\000\040\000c\000l\000i\000q\000u\000e\000\040\000d\000e\000u\000x\000\040\000f\000o\000i\000s\000\040\000s\000u\000r\000\040\000"\000a\000r\000r\000i\000v\000\351\000e\000"\000\040\000?}{section.8}% 42
\BOOKMARK [2][-]{subsection.8.3}{\376\377\000E\000x\000p\000l\000i\000q\000u\000e\000z\000\040\000l\000e\000\040\000c\000i\000r\000c\000u\000i\000t\000\040\000d\000e\000\040\000v\000a\000l\000i\000d\000a\000t\000i\000o\000n\000\040\000\340\000\040\000d\000e\000u\000x\000\040\000n\000i\000v\000e\000a\000u\000x\000.}{section.8}% 43
\BOOKMARK [2][-]{subsection.8.4}{\376\377\000P\000o\000u\000r\000q\000u\000o\000i\000\040\000d\000e\000u\000x\000\040\000v\000a\000l\000i\000d\000a\000t\000i\000o\000n\000s\000\040\000e\000t\000\040\000p\000a\000s\000\040\000u\000n\000e\000\040\000s\000e\000u\000l\000e\000\040\000?}{section.8}% 44
\BOOKMARK [2][-]{subsection.8.5}{\376\377\000Q\000u\000e\000\040\000s\000e\000\040\000p\000a\000s\000s\000e\000-\000t\000-\000i\000l\000\040\000\340\000\040\000l\000'\000a\000p\000p\000r\000o\000b\000a\000t\000i\000o\000n\000\040\000d\000'\000u\000n\000e\000\040\000d\000e\000m\000a\000n\000d\000e\000\040\000d\000e\000\040\000c\000r\000\351\000a\000t\000i\000o\000n\000\040\000?}{section.8}% 45
\BOOKMARK [1][-]{section.9}{\376\377\000L\000a\000\040\000c\000h\000a\000\356\000n\000e\000\040\000E\000T\000L}{}% 46
\BOOKMARK [2][-]{subsection.9.1}{\376\377\000Q\000u\000'\000e\000s\000t\000-\000c\000e\000\040\000q\000u\000'\000u\000n\000\040\000E\000T\000L\000,\000\040\000e\000t\000\040\000p\000o\000u\000r\000q\000u\000o\000i\000\040\000e\000n\000\040\000a\000v\000o\000i\000r\000\040\000f\000a\000i\000t\000\040\000u\000n\000\040\000?}{section.9}% 47
\BOOKMARK [2][-]{subsection.9.2}{\376\377\000D\000\351\000t\000a\000i\000l\000l\000e\000z\000\040\000l\000e\000s\000\040\000c\000i\000n\000q\000\040\000\351\000t\000a\000p\000e\000s\000.}{section.9}% 48
\BOOKMARK [2][-]{subsection.9.3}{\376\377\000Q\000u\000e\000\040\000p\000r\000o\000d\000u\000i\000t\000\040\000e\000x\000a\000c\000t\000e\000m\000e\000n\000t\000\040\000l\000a\000\040\000c\000h\000a\000\356\000n\000e\000\040\000?}{section.9}% 49
\BOOKMARK [2][-]{subsection.9.4}{\376\377\000C\000o\000m\000b\000i\000e\000n\000\040\000d\000'\000a\000g\000e\000n\000c\000e\000s\000\040\000e\000n\000\040\000s\000o\000r\000t\000i\000e\000\040\000?}{section.9}% 50
\BOOKMARK [2][-]{subsection.9.5}{\376\377\000V\000o\000t\000r\000e\000\040\000E\000T\000L\000\040\000e\000s\000t\000-\000i\000l\000\040\000a\000u\000t\000o\000m\000a\000t\000i\000s\000\351\000\040\000?}{section.9}% 51
\BOOKMARK [1][-]{section.10}{\376\377\000M\000o\000d\000\351\000l\000i\000s\000a\000t\000i\000o\000n\000\040\000d\000\351\000c\000i\000s\000i\000o\000n\000n\000e\000l\000l\000e\000\040\000e\000t\000\040\000P\000o\000w\000e\000r\000\040\000B\000I}{}% 52
\BOOKMARK [2][-]{subsection.10.1}{\376\377\000P\000o\000u\000r\000q\000u\000o\000i\000\040\000u\000n\000e\000\040\000\351\000t\000o\000i\000l\000e\000\040\000p\000l\000u\000t\000\364\000t\000\040\000q\000u\000'\000u\000n\000\040\000f\000l\000o\000c\000o\000n\000\040\000o\000u\000\040\000u\000n\000e\000\040\000c\000o\000n\000s\000t\000e\000l\000l\000a\000t\000i\000o\000n\000\040\000?}{section.10}% 53
\BOOKMARK [2][-]{subsection.10.2}{\376\377\000C\000o\000m\000b\000i\000e\000n\000\040\000d\000e\000\040\000d\000i\000m\000e\000n\000s\000i\000o\000n\000s\000\040\000d\000a\000n\000s\000\040\000v\000o\000t\000r\000e\000\040\000d\000a\000t\000a\000m\000a\000r\000t\000\040\000?}{section.10}% 54
\BOOKMARK [2][-]{subsection.10.3}{\376\377\000\300\000\040\000q\000u\000o\000i\000\040\000s\000e\000r\000v\000e\000n\000t\000\040\000l\000e\000s\000\040\000v\000u\000e\000s\000\040\000V\000\137\000B\000I\000\137\000*\000\040\000?}{section.10}% 55
\BOOKMARK [2][-]{subsection.10.4}{\376\377\000P\000o\000u\000r\000q\000u\000o\000i\000\040\000u\000n\000\040\000s\000c\000h\000\351\000m\000a\000\040\000s\000\351\000p\000a\000r\000\351\000\040\000p\000o\000u\000r\000\040\000P\000o\000w\000e\000r\000\040\000B\000I\000\040\000?}{section.10}% 56
\BOOKMARK [2][-]{subsection.10.5}{\376\377\000Q\000u\000'\000e\000s\000t\000-\000c\000e\000\040\000q\000u\000'\000u\000n\000e\000\040\000m\000e\000s\000u\000r\000e\000\040\000D\000A\000X\000\040\000?}{section.10}% 57
\BOOKMARK [2][-]{subsection.10.6}{\376\377\000M\000e\000s\000u\000r\000e\000\040\000o\000u\000\040\000c\000o\000l\000o\000n\000n\000e\000\040\000c\000a\000l\000c\000u\000l\000\351\000e\000\040\000?}{section.10}% 58
\BOOKMARK [2][-]{subsection.10.7}{\376\377\000D\000o\000n\000n\000e\000z\000\040\000t\000r\000o\000i\000s\000\040\000m\000e\000s\000u\000r\000e\000s\000\040\000d\000e\000\040\000v\000o\000t\000r\000e\000\040\000r\000a\000p\000p\000o\000r\000t\000.}{section.10}% 59
\BOOKMARK [2][-]{subsection.10.8}{\376\377\000C\000o\000m\000b\000i\000e\000n\000\040\000d\000e\000\040\000p\000a\000g\000e\000s\000,\000\040\000e\000t\000\040\000q\000u\000e\000\040\000m\000o\000n\000t\000r\000e\000n\000t\000-\000e\000l\000l\000e\000s\000\040\000?}{section.10}% 60
\BOOKMARK [2][-]{subsection.10.9}{\376\377\000V\000o\000s\000\040\000d\000o\000n\000n\000\351\000e\000s\000\040\000P\000o\000w\000e\000r\000\040\000B\000I\000\040\000s\000o\000n\000t\000-\000e\000l\000l\000e\000s\000\040\000e\000n\000\040\000t\000e\000m\000p\000s\000\040\000r\000\351\000e\000l\000\040\000?}{section.10}% 61
\BOOKMARK [1][-]{section.11}{\376\377\000S\000e\000g\000m\000e\000n\000t\000a\000t\000i\000o\000n}{}% 62
\BOOKMARK [2][-]{subsection.11.1}{\376\377\000Q\000u\000'\000e\000s\000t\000-\000c\000e\000\040\000q\000u\000e\000\040\000l\000'\000a\000p\000p\000r\000e\000n\000t\000i\000s\000s\000a\000g\000e\000\040\000n\000o\000n\000\040\000s\000u\000p\000e\000r\000v\000i\000s\000\351\000\040\000?}{section.11}% 63
\BOOKMARK [2][-]{subsection.11.2}{\376\377\000C\000o\000m\000m\000e\000n\000t\000\040\000f\000o\000n\000c\000t\000i\000o\000n\000n\000e\000\040\000K\000-\000M\000e\000a\000n\000s\000\040\000?}{section.11}% 64
\BOOKMARK [2][-]{subsection.11.3}{\376\377\000P\000o\000u\000r\000q\000u\000o\000i\000\040\000\351\000c\000a\000r\000t\000e\000r\000\040\000l\000e\000\040\000s\000i\000\350\000g\000e\000\040\000?}{section.11}% 65
\BOOKMARK [2][-]{subsection.11.4}{\376\377\000P\000o\000u\000r\000q\000u\000o\000i\000\040\000p\000a\000s\000s\000e\000r\000\040\000l\000e\000s\000\040\000m\000o\000n\000t\000a\000n\000t\000s\000\040\000a\000u\000\040\000l\000o\000g\000a\000r\000i\000t\000h\000m\000e\000\040\000?}{section.11}% 66
\BOOKMARK [2][-]{subsection.11.5}{\376\377\000Q\000u\000e\000l\000s\000\040\000s\000o\000n\000t\000\040\000v\000o\000s\000\040\000r\000\351\000s\000u\000l\000t\000a\000t\000s\000\040\000?}{section.11}% 67
\BOOKMARK [2][-]{subsection.11.6}{\376\377\000V\000o\000s\000\040\000g\000r\000o\000u\000p\000e\000s\000\040\000s\000o\000n\000t\000-\000i\000l\000s\000\040\000"\000g\000r\000a\000n\000d\000e\000s\000,\000\040\000m\000o\000y\000e\000n\000n\000e\000s\000,\000\040\000p\000e\000t\000i\000t\000e\000s\000"\000\040\000a\000g\000e\000n\000c\000e\000s\000\040\000?}{section.11}% 68
\BOOKMARK [2][-]{subsection.11.7}{\376\377\000C\000o\000m\000m\000e\000n\000t\000\040\000s\000a\000v\000e\000z\000-\000v\000o\000u\000s\000\040\000q\000u\000e\000\040\000v\000o\000t\000r\000e\000\040\000s\000e\000g\000m\000e\000n\000t\000a\000t\000i\000o\000n\000\040\000e\000s\000t\000\040\000b\000o\000n\000n\000e\000\040\000?}{section.11}% 69
\BOOKMARK [2][-]{subsection.11.8}{\376\377\000Q\000u\000e\000\040\000f\000e\000r\000i\000e\000z\000-\000v\000o\000u\000s\000\040\000d\000e\000\040\000c\000e\000s\000\040\000r\000\351\000s\000u\000l\000t\000a\000t\000s\000\040\000?}{section.11}% 70
\BOOKMARK [1][-]{section.12}{\376\377\000T\000e\000s\000t\000s\000,\000\040\000d\000\351\000p\000l\000o\000i\000e\000m\000e\000n\000t\000\040\000e\000t\000\040\000l\000i\000m\000i\000t\000e\000s}{}% 71
\BOOKMARK [2][-]{subsection.12.1}{\376\377\000C\000o\000m\000m\000e\000n\000t\000\040\000a\000v\000e\000z\000-\000v\000o\000u\000s\000\040\000t\000e\000s\000t\000\351\000\040\000?}{section.12}% 72
\BOOKMARK [2][-]{subsection.12.2}{\376\377\000A\000v\000e\000z\000-\000v\000o\000u\000s\000\040\000d\000e\000s\000\040\000t\000e\000s\000t\000s\000\040\000a\000u\000t\000o\000m\000a\000t\000i\000s\000\351\000s\000\040\000?}{section.12}% 73
\BOOKMARK [2][-]{subsection.12.3}{\376\377\000C\000o\000m\000m\000e\000n\000t\000\040\000d\000\351\000p\000l\000o\000i\000e\000-\000t\000-\000o\000n\000\040\000l\000'\000a\000p\000p\000l\000i\000c\000a\000t\000i\000o\000n\000\040\000?}{section.12}% 74
\BOOKMARK [2][-]{subsection.12.4}{\376\377\000Q\000u\000e\000\040\000f\000a\000i\000t\000e\000s\000-\000v\000o\000u\000s\000\040\000s\000i\000\040\000l\000'\000a\000p\000p\000l\000i\000c\000a\000t\000i\000o\000n\000\040\000n\000e\000\040\000s\000e\000\040\000c\000o\000n\000n\000e\000c\000t\000e\000\040\000p\000l\000u\000s\000\040\000\340\000\040\000l\000a\000\040\000b\000a\000s\000e\000\040\000?}{section.12}% 75
\BOOKMARK [2][-]{subsection.12.5}{\376\377\000Q\000u\000e\000l\000l\000e\000s\000\040\000s\000o\000n\000t\000\040\000l\000e\000s\000\040\000l\000i\000m\000i\000t\000e\000s\000\040\000d\000e\000\040\000v\000o\000t\000r\000e\000\040\000t\000r\000a\000v\000a\000i\000l\000\040\000?}{section.12}% 76
\BOOKMARK [2][-]{subsection.12.6}{\376\377\000S\000i\000\040\000v\000o\000u\000s\000\040\000d\000e\000v\000i\000e\000z\000\040\000r\000e\000c\000o\000m\000m\000e\000n\000c\000e\000r\000,\000\040\000q\000u\000e\000\040\000c\000h\000a\000n\000g\000e\000r\000i\000e\000z\000-\000v\000o\000u\000s\000\040\000?}{section.12}% 77
\BOOKMARK [1][-]{section.13}{\376\377\000L\000e\000s\000\040\000q\000u\000e\000s\000t\000i\000o\000n\000s\000\040\000q\000u\000i\000\040\000d\000\351\000s\000t\000a\000b\000i\000l\000i\000s\000e\000n\000t\000,\000\040\000e\000t\000\040\000q\000u\000o\000i\000\040\000f\000a\000i\000r\000e}{}% 78
